main.c:53:5:main	32	static
main.c:116:6:outputQuestions	8	static
main.c:155:5:movementDetected	8	static
main.c:163:7:nextQuestion	4	static
main.c:167:6:yesAnswer	8	static
main.c:173:5:checkYes	8	static
main.c:209:6:reverse	32	static
main.c:225:5:intToStr	32	static
main.c:244:6:ftoa	48	static
main.c:269:10:getADC	8	static
main.c:277:6:SystemClock_Config	88	static
main.c:313:13:MX_ADC1_Init	24	static
main.c:346:13:MX_TIM12_Init	56	static
main.c:383:13:MX_USART2_UART_Init	8	static
main.c:402:13:MX_GPIO_Init	40	static
main.c:456:6:Error_Handler	4	static,ignoring_inline_asm
