main.c:53:5:main	32	static
main.c:107:6:outputQuestions	8	static
main.c:148:5:movementDetected	8	static
main.c:156:7:nextQuestion	4	static
main.c:160:6:yesAnswer	8	static
main.c:166:5:checkYes	8	static
main.c:182:5:checkNo	8	static
main.c:193:6:reverse	32	static
main.c:209:5:intToStr	32	static
main.c:228:6:ftoa	48	static
main.c:253:10:getADC	8	static
main.c:261:6:SystemClock_Config	88	static
main.c:306:13:MX_ADC1_Init	24	static
main.c:356:13:MX_TIM12_Init	56	static
main.c:408:13:MX_USART2_UART_Init	8	static
main.c:441:13:MX_GPIO_Init	40	static
main.c:502:6:Error_Handler	4	static,ignoring_inline_asm
